// Jest Snapshot v1, https://goo.gl/fbAQLP

exports[`render  Task form 1`] = `ShallowWrapper {}`;
