// Jest Snapshot v1, https://goo.gl/fbAQLP

exports[`TaskDetails page toMatchSnapshot TaskDetails page 1`] = `ReactWrapper {}`;
