// Jest Snapshot v1, https://goo.gl/fbAQLP

exports[`render  render TasksTable 1`] = `ShallowWrapper {}`;
