// Jest Snapshot v1, https://goo.gl/fbAQLP

exports[`render  CrossCheck session form 1`] = `ShallowWrapper {}`;
