// Jest Snapshot v1, https://goo.gl/fbAQLP

exports[`render  Review request form creation 1`] = `ShallowWrapper {}`;
