// Jest Snapshot v1, https://goo.gl/fbAQLP

exports[`render  Review requests table creation 1`] = `ShallowWrapper {}`;
