// Jest Snapshot v1, https://goo.gl/fbAQLP

exports[`render Sidebar 1`] = `ShallowWrapper {}`;
