// Jest Snapshot v1, https://goo.gl/fbAQLP

exports[`Render CheckForm When SelfGrade Empty render correctly 1`] = `ReactWrapper {}`;

exports[`Render CheckForm When SelfGrade Fillled render correctly 1`] = `ReactWrapper {}`;
