// Jest Snapshot v1, https://goo.gl/fbAQLP

exports[`render  render Reviews 1`] = `ShallowWrapper {}`;
