// Jest Snapshot v1, https://goo.gl/fbAQLP

exports[`render  Reviews Table 1`] = `ShallowWrapper {}`;
